c:\users\dell\desktop\programming\project\boson\build\boson.dir\release\verificationharness.obj
c:\users\dell\desktop\programming\project\boson\build\boson.dir\release\see.obj
c:\users\dell\desktop\programming\project\boson\build\boson.dir\release\zobrist.obj
c:\users\dell\desktop\programming\project\boson\build\boson.dir\release\transpositiontable.obj
c:\users\dell\desktop\programming\project\boson\build\boson.dir\release\search.obj
c:\users\dell\desktop\programming\project\boson\build\boson.dir\release\moveorderer.obj
c:\users\dell\desktop\programming\project\boson\build\boson.dir\release\main.obj
c:\users\dell\desktop\programming\project\boson\build\boson.dir\release\fenparser.obj
c:\users\dell\desktop\programming\project\boson\build\boson.dir\release\piecesquaretables.obj
c:\users\dell\desktop\programming\project\boson\build\boson.dir\release\evaluator.obj
c:\users\dell\desktop\programming\project\boson\build\boson.dir\release\boardprinter.obj
c:\users\dell\desktop\programming\project\boson\build\boson.dir\release\position.obj
c:\users\dell\desktop\programming\project\boson\build\boson.dir\release\movegenerator.obj
c:\users\dell\desktop\programming\project\boson\build\boson.dir\release\moveexecutor.obj
c:\users\dell\desktop\programming\project\boson\build\cmakefiles\generate.stamp
c:\users\dell\desktop\programming\project\boson\build\bin\release\boson.exe
c:\users\dell\desktop\programming\project\boson\build\boson.dir\release\boson.tlog\cl.command.1.tlog
c:\users\dell\desktop\programming\project\boson\build\boson.dir\release\boson.tlog\cl.items.tlog
c:\users\dell\desktop\programming\project\boson\build\boson.dir\release\boson.tlog\cl.read.1.tlog
c:\users\dell\desktop\programming\project\boson\build\boson.dir\release\boson.tlog\cl.write.1.tlog
c:\users\dell\desktop\programming\project\boson\build\boson.dir\release\boson.tlog\custombuild.command.1.tlog
c:\users\dell\desktop\programming\project\boson\build\boson.dir\release\boson.tlog\custombuild.read.1.tlog
c:\users\dell\desktop\programming\project\boson\build\boson.dir\release\boson.tlog\custombuild.write.1.tlog
c:\users\dell\desktop\programming\project\boson\build\boson.dir\release\boson.tlog\link.command.1.tlog
c:\users\dell\desktop\programming\project\boson\build\boson.dir\release\boson.tlog\link.read.1.tlog
c:\users\dell\desktop\programming\project\boson\build\boson.dir\release\boson.tlog\link.secondary.1.tlog
c:\users\dell\desktop\programming\project\boson\build\boson.dir\release\boson.tlog\link.write.1.tlog
